******************************************************************************
                  TI ARM Linker PC v20.2.6                     
******************************************************************************
>> Linked Tue Dec  6 19:46:28 2022

OUTPUT FILE NAME:   <Lab9.out>
ENTRY POINT SYMBOL: "_c_int00_noargs"  address: 00003255


MEMORY CONFIGURATION

         name            origin    length      used     unused   attr    fill
----------------------  --------  ---------  --------  --------  ----  --------
  FLASH                 00000000   00040000  0000354d  0003cab3  R  X
  SRAM                  20000000   00008000  0000105c  00006fa4  RW X


SEGMENT ALLOCATION MAP

run origin  load origin   length   init length attrs members
----------  ----------- ---------- ----------- ----- -------
00000000    00000000    00003550   00003550    r-x
  00000000    00000000    0000026c   0000026c    r-- .intvecs
  0000026c    0000026c    000031a0   000031a0    r-x .text
  0000340c    0000340c    00000101   00000101    r-- .const
  00003510    00003510    00000040   00000040    r-- .cinit
20000000    20000000    0000105c   00000000    rw-
  20000000    20000000    00001000   00000000    rw- .stack
  20001000    20001000    00000050   00000000    rw- .data
  20001050    20001050    0000000c   00000000    rw- .bss


SECTION ALLOCATION MAP

 output                                  attributes/
section   page    origin      length       input sections
--------  ----  ----------  ----------   ----------------
.intvecs   0    00000000    0000026c     
                  00000000    0000026c     tm4c123gh6pm_startup_ccs.obj (.intvecs)

.text      0    0000026c    000031a0     
                  0000026c    00000c0c     lab9_Xavier_Portillo-Catalan.obj (.text)
                  00000e78    00000a4e     rtsv7M4_T_le_v4SPD16_eabi.lib : _printfi.c.obj (.text:__TI_printfi)
                  000018c6    00000002                                   : div0.asm.obj (.text)
                  000018c8    0000053e     uart0.obj (.text)
                  00001e06    00000002     --HOLE-- [fill = 0]
                  00001e08    00000270     rtsv7M4_T_le_v4SPD16_eabi.lib : _printfi.c.obj (.text:_pconv_a)
                  00002078    000001d0                                   : _printfi.c.obj (.text:_pconv_g)
                  00002248    000001b6                                   : fd_add_t2.asm.obj (.text)
                  000023fe    00000002     --HOLE-- [fill = 0]
                  00002400    0000013c                                   : _printfi.c.obj (.text:_pconv_e)
                  0000253c    00000136                                   : fd_div_t2.asm.obj (.text)
                  00002672    00000002     --HOLE-- [fill = 0]
                  00002674    00000124                                   : _printfi.c.obj (.text:fcvt)
                  00002798    00000110                                   : s_scalbn.c.obj (.text:scalbn)
                  000028a8    00000104     adc0.obj (.text)
                  000029ac    000000fc     rtsv7M4_T_le_v4SPD16_eabi.lib : fd_mul_t2.asm.obj (.text)
                  00002aa8    000000b1                                   : _printfi.c.obj (.text:_ltostr)
                  00002b59    00000001     --HOLE-- [fill = 0]
                  00002b5a    0000009c                                   : memcpy_t2.asm.obj (.text)
                  00002bf6    00000096                                   : ull_div_t2.asm.obj (.text)
                  00002c8c    00000086                                   : fd_cmp_t2.asm.obj (.text:__aeabi_cdcmple)
                  00002d12    00000086                                   : fd_cmp_t2.asm.obj (.text:__aeabi_cdrcmple)
                  00002d98    0000007a                                   : memset_t2.asm.obj (.text)
                  00002e12    0000006e                                   : _printfi.c.obj (.text:_mcpy)
                  00002e80    0000006e                                   : fd_tos_t2.asm.obj (.text)
                  00002eee    00000068                                   : copy_decompress_lzss.c.obj (.text:decompress:lzss:__TI_decompress_lzss)
                  00002f56    00000002     --HOLE-- [fill = 0]
                  00002f58    00000064                                   : s_frexp.c.obj (.text:frexp)
                  00002fbc    00000056                                   : _printfi.c.obj (.text:_pconv_f)
                  00003012    00000054                                   : _ltoa.c.obj (.text:__TI_ltoa)
                  00003066    00000052                                   : _printfi.c.obj (.text:_ecpy)
                  000030b8    0000004c                                   : atoi.c.obj (.text:atoi)
                  00003104    0000004c                                   : snprintf.c.obj (.text:snprintf)
                  00003150    00000048                                   : fd_toi_t2.asm.obj (.text)
                  00003198    00000044                                   : autoinit.c.obj (.text:__TI_auto_init_nobinit_nopinit:__TI_auto_init_nobinit_nopinit)
                  000031dc    0000003e                                   : _printfi.c.obj (.text:_fcpy)
                  0000321a    00000038                                   : fs_tod_t2.asm.obj (.text)
                  00003252    00000002     --HOLE-- [fill = 0]
                  00003254    00000034                                   : boot_cortex_m.c.obj (.text:_c_int00_noargs:_c_int00_noargs)
                  00003288    00000030                                   : snprintf.c.obj (.text:_outs)
                  000032b8    0000002e                                   : i_tofd_t2.asm.obj (.text)
                  000032e6    00000024     wait.obj (.text)
                  0000330a    00000020     rtsv7M4_T_le_v4SPD16_eabi.lib : u_tofd_t2.asm.obj (.text)
                  0000332a    0000001c                                   : copy_zero_init.c.obj (.text:decompress:ZI:__TI_zero_init_nomemset:__TI_zero_init_nomemset)
                  00003346    0000001c                                   : memccpy.c.obj (.text:memccpy)
                  00003362    0000001a                                   : s_copysign.c.obj (.text:copysign)
                  0000337c    00000018                                   : snprintf.c.obj (.text:_outc)
                  00003394    00000016                                   : strchr.c.obj (.text:strchr)
                  000033aa    00000014                                   : strlen.c.obj (.text:strlen)
                  000033be    00000012                                   : wcslen.c.obj (.text:wcslen)
                  000033d0    00000010     clock.obj (.text)
                  000033e0    0000000e     rtsv7M4_T_le_v4SPD16_eabi.lib : copy_decompress_none.c.obj (.text:decompress:none:__TI_decompress_none)
                  000033ee    0000000c     tm4c123gh6pm_startup_ccs.obj (.text)
                  000033fa    00000002     --HOLE-- [fill = 0]
                  000033fc    00000008     rtsv7M4_T_le_v4SPD16_eabi.lib : errno.c.obj (.text:__aeabi_errno_addr)
                  00003404    00000004                                   : pre_init.c.obj (.text:_system_pre_init)
                  00003408    00000004                                   : exit.c.obj (.text:abort:abort)

.const     0    0000340c    00000101     
                  0000340c    00000101     rtsv7M4_T_le_v4SPD16_eabi.lib : ctype.c.obj (.const:.string:_ctypes_)

.cinit     0    00003510    00000040     
                  00003510    00000019     (.cinit..data.load) [load image, compression = lzss]
                  00003529    00000003     --HOLE-- [fill = 0]
                  0000352c    0000000c     (__TI_handler_table)
                  00003538    00000008     (.cinit..bss.load) [load image, compression = zero_init]
                  00003540    00000010     (__TI_cinit_table)

.init_array 
*          0    00000000    00000000     UNINITIALIZED

.data      0    20001000    00000050     UNINITIALIZED
                  20001000    00000049     lab9_Xavier_Portillo-Catalan.obj (.data)
                  20001049    00000003     --HOLE--
                  2000104c    00000004     rtsv7M4_T_le_v4SPD16_eabi.lib : errno.c.obj (.data)

.bss       0    20001050    0000000c     UNINITIALIZED
                  20001050    0000000c     (.common:x)

.stack     0    20000000    00001000     UNINITIALIZED
                  20000000    00000004     rtsv7M4_T_le_v4SPD16_eabi.lib : boot_cortex_m.c.obj (.stack)
                  20000004    00000ffc     --HOLE--

__llvm_prf_cnts 
*          0    20000000    00000000     UNINITIALIZED

MODULE SUMMARY

       Module                             code    ro data   rw data
       ------                             ----    -------   -------
    .\
       lab9_Xavier_Portillo-Catalan.obj   3084    0         85     
       uart0.obj                          1342    0         0      
       tm4c123gh6pm_startup_ccs.obj       12      620       0      
       adc0.obj                           260     0         0      
       wait.obj                           36      0         0      
       clock.obj                          16      0         0      
    +--+----------------------------------+-------+---------+---------+
       Total:                             4750    620       85     
                                                                   
    D:\ti\ccs1200\ccs\tools\compiler\ti-cgt-arm_20.2.6.LTS\lib\rtsv7M4_T_le_v4SPD16_eabi.lib
       _printfi.c.obj                     4851    0         0      
       fd_add_t2.asm.obj                  438     0         0      
       fd_div_t2.asm.obj                  310     0         0      
       s_scalbn.c.obj                     272     0         0      
       fd_cmp_t2.asm.obj                  268     0         0      
       ctype.c.obj                        0       257       0      
       fd_mul_t2.asm.obj                  252     0         0      
       memcpy_t2.asm.obj                  156     0         0      
       ull_div_t2.asm.obj                 150     0         0      
       snprintf.c.obj                     148     0         0      
       memset_t2.asm.obj                  122     0         0      
       fd_tos_t2.asm.obj                  110     0         0      
       copy_decompress_lzss.c.obj         104     0         0      
       s_frexp.c.obj                      100     0         0      
       _ltoa.c.obj                        84      0         0      
       atoi.c.obj                         76      0         0      
       fd_toi_t2.asm.obj                  72      0         0      
       autoinit.c.obj                     68      0         0      
       fs_tod_t2.asm.obj                  56      0         0      
       boot_cortex_m.c.obj                52      0         0      
       i_tofd_t2.asm.obj                  46      0         0      
       u_tofd_t2.asm.obj                  32      0         0      
       copy_zero_init.c.obj               28      0         0      
       memccpy.c.obj                      28      0         0      
       s_copysign.c.obj                   26      0         0      
       strchr.c.obj                       22      0         0      
       strlen.c.obj                       20      0         0      
       wcslen.c.obj                       18      0         0      
       copy_decompress_none.c.obj         14      0         0      
       errno.c.obj                        8       0         4      
       exit.c.obj                         4       0         0      
       pre_init.c.obj                     4       0         0      
       div0.asm.obj                       2       0         0      
    +--+----------------------------------+-------+---------+---------+
       Total:                             7941    257       4      
                                                                   
       Stack:                             0       0         4096   
       Linker Generated:                  0       61        0      
    +--+----------------------------------+-------+---------+---------+
       Grand Total:                       12691   938       4185   


LINKER GENERATED COPY TABLES

__TI_cinit_table @ 00003540 records: 2, size/record: 8, table size: 16
	.data: load addr=00003510, load size=00000019 bytes, run addr=20001000, run size=00000050 bytes, compression=lzss
	.bss: load addr=00003538, load size=00000008 bytes, run addr=20001050, run size=0000000c bytes, compression=zero_init


LINKER GENERATED HANDLER TABLE

__TI_handler_table @ 0000352c records: 3, size/record: 4, table size: 12
	index: 0, handler: __TI_decompress_lzss
	index: 1, handler: __TI_decompress_none
	index: 2, handler: __TI_zero_init


GLOBAL SYMBOLS: SORTED ALPHABETICALLY BY Name 

address   name                          
-------   ----                          
00003409  C$$EXIT                       
000033ef  ResetISR                      
20001000  __STACK_END                   
00001000  __STACK_SIZE                  
20000200  __STACK_TOP                   
00003540  __TI_CINIT_Base               
00003550  __TI_CINIT_Limit              
0000352c  __TI_Handler_Table_Base       
00003538  __TI_Handler_Table_Limit      
00003199  __TI_auto_init_nobinit_nopinit
00002eef  __TI_decompress_lzss          
000033e1  __TI_decompress_none          
00003013  __TI_ltoa                     
ffffffff  __TI_pprof_out_hndl           
00000e79  __TI_printfi                  
ffffffff  __TI_prof_data_size           
ffffffff  __TI_prof_data_start          
00000000  __TI_static_base__            
0000332b  __TI_zero_init_nomemset       
00002c8d  __aeabi_cdcmpeq               
00002c8d  __aeabi_cdcmple               
00002d13  __aeabi_cdrcmple              
00002e81  __aeabi_d2f                   
00003151  __aeabi_d2iz                  
00002253  __aeabi_dadd                  
0000253d  __aeabi_ddiv                  
000029ad  __aeabi_dmul                  
00002249  __aeabi_dsub                  
000033fd  __aeabi_errno_addr            
0000321b  __aeabi_f2d                   
000032b9  __aeabi_i2d                   
000018c7  __aeabi_idiv0                 
000018c7  __aeabi_ldiv0                 
00002d99  __aeabi_memclr                
00002d99  __aeabi_memclr4               
00002d99  __aeabi_memclr8               
00002b5b  __aeabi_memcpy                
00002b5b  __aeabi_memcpy4               
00002b5b  __aeabi_memcpy8               
00002d9b  __aeabi_memset                
00002d9b  __aeabi_memset4               
00002d9b  __aeabi_memset8               
0000330b  __aeabi_ui2d                  
00002bf7  __aeabi_uldivmod              
ffffffff  __binit__                     
ffffffff  __c_args__                    
UNDEFED   __mpu_init                    
20000000  __stack                       
20000000  __start___llvm_prf_cnts       
20000000  __stop___llvm_prf_cnts        
00003255  _c_int00_noargs               
0000340c  _ctypes_                      
UNDEFED   _system_post_cinit            
00003405  _system_pre_init              
00003409  abort                         
2000103c  alarmPulseMax                 
20001038  alarmPulseMin                 
20001044  alarmRespirationMax           
20001040  alarmRespirationMin           
000030b9  atoi                          
ffffffff  binit                         
20001028  breathCounter                 
2000100c  breathTime                    
20001024  breath_time                   
000009b5  breathingCycle                
00003363  copysign                      
00003363  copysignl                     
00001d4d  customStrcmp                  
2000101c  difference                    
000002d3  disableCounterMode            
000003f7  disableDataLine               
00000399  disableTimerMode              
0000026d  enableCounterMode             
000003af  enableDataLine                
000002ef  enableTimerMode               
2000104c  errno                         
20001003  exhale                        
00000485  fingerDetectIsr               
20001004  frequency                     
00002f59  frexp                         
00002f59  frexpl                        
00000000  g_pfnVectors                  
00001dbf  getFieldInteger               
00001d9d  getFieldString                
000019c9  getcUart0                     
00001a8b  getsUart0                     
20001030  index                         
20001034  indexDT                       
000028a9  initAdc0Ss3                   
000006c9  initHw                        
000033d1  initSystemClockTo40Mhz        
000018c9  initUart0                     
00001ddb  isCommand                     
000019f7  itostr                        
000019dd  kbhitUart0                    
00002799  ldexp                         
00002799  ldexpl                        
20001002  loopCheck                     
00000a45  main                          
00003347  memccpy                       
00002b5b  memcpy                        
00002da1  memset                        
00001b29  parseFields                   
00000849  portEIsr                      
20001018  prevDT                        
20001020  prevDifference                
20001008  pulseTime                     
20001001  pulse_active                  
20001010  pulse_time                    
00001981  putcUart0                     
0000199d  putsUart0                     
0000295b  readAdc0Ss3                   
00002799  scalbn                        
00002799  scalbnl                       
000028ef  setAdc0Ss3Log2AverageCount    
00002933  setAdc0Ss3Mux                 
0000193d  setUart0BaudRate              
00003105  snprintf                      
20001048  speakerStatus                 
00003395  strchr                        
000033ab  strlen                        
2000102c  sum                           
20001000  timeMode                      
00000403  timer1Isr                     
20001014  valueDT                       
000032e7  waitMicrosecond               
000033bf  wcslen                        
00000423  wideTimer1Isr                 
20001050  x                             


GLOBAL SYMBOLS: SORTED BY Symbol Address 

address   name                          
-------   ----                          
00000000  __TI_static_base__            
00000000  g_pfnVectors                  
0000026d  enableCounterMode             
000002d3  disableCounterMode            
000002ef  enableTimerMode               
00000399  disableTimerMode              
000003af  enableDataLine                
000003f7  disableDataLine               
00000403  timer1Isr                     
00000423  wideTimer1Isr                 
00000485  fingerDetectIsr               
000006c9  initHw                        
00000849  portEIsr                      
000009b5  breathingCycle                
00000a45  main                          
00000e79  __TI_printfi                  
00001000  __STACK_SIZE                  
000018c7  __aeabi_idiv0                 
000018c7  __aeabi_ldiv0                 
000018c9  initUart0                     
0000193d  setUart0BaudRate              
00001981  putcUart0                     
0000199d  putsUart0                     
000019c9  getcUart0                     
000019dd  kbhitUart0                    
000019f7  itostr                        
00001a8b  getsUart0                     
00001b29  parseFields                   
00001d4d  customStrcmp                  
00001d9d  getFieldString                
00001dbf  getFieldInteger               
00001ddb  isCommand                     
00002249  __aeabi_dsub                  
00002253  __aeabi_dadd                  
0000253d  __aeabi_ddiv                  
00002799  ldexp                         
00002799  ldexpl                        
00002799  scalbn                        
00002799  scalbnl                       
000028a9  initAdc0Ss3                   
000028ef  setAdc0Ss3Log2AverageCount    
00002933  setAdc0Ss3Mux                 
0000295b  readAdc0Ss3                   
000029ad  __aeabi_dmul                  
00002b5b  __aeabi_memcpy                
00002b5b  __aeabi_memcpy4               
00002b5b  __aeabi_memcpy8               
00002b5b  memcpy                        
00002bf7  __aeabi_uldivmod              
00002c8d  __aeabi_cdcmpeq               
00002c8d  __aeabi_cdcmple               
00002d13  __aeabi_cdrcmple              
00002d99  __aeabi_memclr                
00002d99  __aeabi_memclr4               
00002d99  __aeabi_memclr8               
00002d9b  __aeabi_memset                
00002d9b  __aeabi_memset4               
00002d9b  __aeabi_memset8               
00002da1  memset                        
00002e81  __aeabi_d2f                   
00002eef  __TI_decompress_lzss          
00002f59  frexp                         
00002f59  frexpl                        
00003013  __TI_ltoa                     
000030b9  atoi                          
00003105  snprintf                      
00003151  __aeabi_d2iz                  
00003199  __TI_auto_init_nobinit_nopinit
0000321b  __aeabi_f2d                   
00003255  _c_int00_noargs               
000032b9  __aeabi_i2d                   
000032e7  waitMicrosecond               
0000330b  __aeabi_ui2d                  
0000332b  __TI_zero_init_nomemset       
00003347  memccpy                       
00003363  copysign                      
00003363  copysignl                     
00003395  strchr                        
000033ab  strlen                        
000033bf  wcslen                        
000033d1  initSystemClockTo40Mhz        
000033e1  __TI_decompress_none          
000033ef  ResetISR                      
000033fd  __aeabi_errno_addr            
00003405  _system_pre_init              
00003409  C$$EXIT                       
00003409  abort                         
0000340c  _ctypes_                      
0000352c  __TI_Handler_Table_Base       
00003538  __TI_Handler_Table_Limit      
00003540  __TI_CINIT_Base               
00003550  __TI_CINIT_Limit              
20000000  __stack                       
20000000  __start___llvm_prf_cnts       
20000000  __stop___llvm_prf_cnts        
20000200  __STACK_TOP                   
20001000  __STACK_END                   
20001000  timeMode                      
20001001  pulse_active                  
20001002  loopCheck                     
20001003  exhale                        
20001004  frequency                     
20001008  pulseTime                     
2000100c  breathTime                    
20001010  pulse_time                    
20001014  valueDT                       
20001018  prevDT                        
2000101c  difference                    
20001020  prevDifference                
20001024  breath_time                   
20001028  breathCounter                 
2000102c  sum                           
20001030  index                         
20001034  indexDT                       
20001038  alarmPulseMin                 
2000103c  alarmPulseMax                 
20001040  alarmRespirationMin           
20001044  alarmRespirationMax           
20001048  speakerStatus                 
2000104c  errno                         
20001050  x                             
ffffffff  __TI_pprof_out_hndl           
ffffffff  __TI_prof_data_size           
ffffffff  __TI_prof_data_start          
ffffffff  __binit__                     
ffffffff  __c_args__                    
ffffffff  binit                         
UNDEFED   __mpu_init                    
UNDEFED   _system_post_cinit            

[129 symbols]
